
  By-date      Account             Balance 
                                           
  2011/Mar/15  Asset              1500.00  
  2011/Mar/15    Cash              -50.00  
  2011/Mar/15    FD                 50.00  
  2011/Mar/15      KVB1             75.00  
  2011/Mar/15      KVB2             75.00  
  2011/Jan/29  Assets              500.00  
  2011/Jan/29  Income:Contract1   -500.00  
  2011/Jan/29  Incomes           -1500.00  
  2011/Jan/29    Contract2        -500.00  
  2011/Jan/29    Contract3        -500.00  
                                 --------- 
  2011/Mar/15                        0.00  

