
  2011/Mar/15  Opening Balance             
               Asset              1500.00  
               Asset:Cash          -50.00  
               Asset:FD           -100.00  
               Asset:FD:KVB1        75.00  
               Asset:FD:KVB2        75.00  
               Assets              500.00  
               Income:Contract1   -500.00  
               Incomes            -500.00  
               Incomes:Contract2  -500.00  
               Incomes:Contract3  -500.00  

