
  By-date      Account                        Balance 
                                                      
                                              $960.10 
  2005/Aug/01  Assets:Broker                   0 AAPL 
  2005/Aug/01  Expenses:Broker:Commissions     $39.90 
  2005/Aug/01  Income:Capital Gains         $-1000.00 
                                            --------- 
                                                $0.00 
  2005/Aug/01                                  0 AAPL 

