
  By-date      Payee           Account          Amount  Balance 
                                                                
  2012-Mar-10  Monthly salary  Assets:Cash     $520.00  $520.00 
                               Income:Salary  $-520.00    $0.00 
  2012-Mar-10  KFC             Expenses:Food    $20.00   $20.00 
                               Assets:Cash     $-20.00    $0.00 
  2012-Mar-10  KFC             Expenses:Food    $20.00   $20.00 
                               Assets:Cash     $-20.00    $0.00 

