
  By-date      Payee               Account               Debit   Credit  Balance 
                                                                                 
  2011-Feb-28  My Employer         Assets:Checking     500.00            500.00  
                                   Income:Salary                500.00     0.00  
  2012-Mar-15  Departmental store  Expenses:Groceries  100.00            100.00  
                                   Assets:Checking              100.00     0.00  

