
  By-date      Account              Balance 
                                            
  2012/Mar/15  Assets:Checking      400.00  
  2012/Mar/15  Expenses:Groceries   100.00  
  2011/Feb/28  Income:Salary       -500.00  
                                   -------- 
  2012/Mar/15                         0.00  

