
  By-date      Payee               Debit     Credit  Balance 
                                                             
  2011/Feb/28  My Employer         500.00            500.00  
  2012/Mar/15  Departmental store           100.00   400.00  
  2013/Mar/15  KFC                           75.00   325.00  
  2014/Mar/15  Chats                         75.00   250.00  

