
  By-date      Account                                    Balance 
                                                                  
                                  49.957 "Arcancia Équilibre 454" 
                                  "Arcancia Équilibre 456"215.796 
  2000/Dec/08  Actif:SG PEE STK                        $-10977.44 
                                 -------------------------------- 
                                  49.957 "Arcancia Équilibre 454" 
                                  "Arcancia Équilibre 456"215.796 
  2000/Dec/08                                          $-10977.44 

