
  By-date      Pay  Account                                     Amount                           Balance 
                                                                                                         
  1999-Jun-09  Ach  Actif:SG PEE STK   49.957 "Arcancia Équilibre 454"   49.957 "Arcancia Équilibre 454" 
                    Actif:SG PEE STK                          $-234.90   49.957 "Arcancia Équilibre 454" 
                                                                                                $-234.90 
  2000-Dec-08  Ach  Actif:SG PEE STK   "Arcancia Équilibre 456"215.796   49.957 "Arcancia Équilibre 454" 
                                                                         "Arcancia Équilibre 456"215.796 
                                                                                                $-234.90 
                    Actif:SG PEE STK                        $-10742.54   49.957 "Arcancia Équilibre 454" 
                                                                         "Arcancia Équilibre 456"215.796 
                                                                                              $-10977.44 

