
  By-date      Payee               Debit   Credit   Balance 
                                                            
  2011-Jun-15  Breakfast                   15.00    -15.00  
  2011-Dec-15  Chats                       30.00    -45.00  
  2011-Sep-15  Departmental store         150.00   -195.00  
  2011-May-15  Dinner                      25.00   -220.00  
  2011-Oct-15  KFC                        150.00   -370.00  
  2011-Aug-29  Pen                         10.00   -380.00  
  2011-Jul-15  Snacks                       5.00   -385.00  

