
  By-date      Payee      Account            Amount  Balance 
                                                             
  2011-Jun-15  Breakfast  Expenses:Dinning   15.00    15.00  
  2011-Dec-15  Chats      Expenses:Dinning   30.00    45.00  
  2011-May-15  Dinner     Expenses:Dinning   25.00    70.00  
  2011-Oct-15  KFC        Expenses:Dinning  150.00   220.00  
  2011-Jul-15  Snacks     Expenses:Dinning    5.00   225.00  

