
  By-date      Payee               Account                   Debit   Credit   Balance 
                                                                                      
  2011-Jun-15  Breakfast           Assets:Checking                   15.00    -15.00  
  2011-Dec-15  Chats               Assets:Checking                   30.00    -45.00  
  2011-Sep-15  Departmental store  Assets:Checking                  150.00   -195.00  
  2011-May-15  Dinner              Assets:Checking                   25.00   -220.00  
  2011-Oct-15  KFC                 Assets:Checking                  150.00   -370.00  
  2011-Jan-29  My Employer         Assets:Checking Income  500.00             130.00  
  2011-Aug-29  Pen                 Assets:Checking                   10.00    120.00  
  2011-Jul-15  Snacks              Assets:Checking                    5.00    115.00  

