
2011/Dec/15   Opening Balance                  
              Assets:Checking         -385.00  
              Assets:Checking Income   500.00  
              Expen                    100.00  
              Expenses:Dinning         225.00  
              Expenses:Groceries        50.00  
              Expenses:Stationary       10.00  
              Income:Salary           -500.00  

