
  By-date      Payee      Debit   Credit  Balance 
                                                  
  2011/Mar/15  KFC        75.00            75.00  
  2011/Apr/15  Chats      10.00            85.00  
  2011/May/15  Dinner     25.00           110.00  
  2011/Jun/15  Breakfast  15.00           125.00  
  2011/Jul/15  Snacks     5.00            130.00  
  2011/Oct/15  KFC        75.00           205.00  
  2011/Nov/15  Chats      15.00           220.00  
  2011/Dec/15  Chats      5.00            225.00  

