
  By-date      Payee               Account              Amount  Balance 
                                                                        
  2011-Mar-15  KFC                 Expenses:Dinning     75.00    75.00  
  2011-Apr-15  Chats               Expenses:Dinning     10.00    85.00  
  2011-May-15  Dinner              Expenses:Dinning     25.00   110.00  
  2011-Jun-15  Breakfast           Expenses:Dinning     15.00   125.00  
  2011-Jul-15  Snacks              Expenses:Dinning      5.00   130.00  
  2011-Aug-29  Pen                 Expenses:Stationary  10.00    10.00  
  2011-Sep-15  Departmental store  Expenses:Groceries   50.00    50.00  
  2011-Oct-15  KFC                 Expenses:Dinning     75.00   205.00  
  2011-Nov-15  Chats               Expenses:Dinning     15.00   220.00  
  2011-Dec-15  Chats               Expenses:Dinning      5.00   225.00  

