
  By-date                     Account                   Amount   Balance 
                                                                         
  2011-Jan-29 to 2011-Dec-15  Assets:Checking         -385.00   -385.00  
                              Assets:Checking Income   500.00    115.00  
                              Expen                    100.00    215.00  
                              Expenses:Dinning         225.00    440.00  
                              Expenses:Groceries        50.00    490.00  
                              Expenses:Stationary       10.00    500.00  
                              Income:Salary           -500.00      0.00  

