Warng: In "dirtcomm1.ldg" : account "Actif:SG PEE STK" not pre-declared
Warng: In "dirtcomm1.ldg" : account "Actif:SG PEE STK" not pre-declared
Warng: In "dirtcomm1.ldg" : account "Actif:SG PEE STK" not pre-declared
Warng: In "dirtcomm1.ldg" : account "Actif:SG PEE STK" not pre-declared

commodity "Arcancia Équilibre 455"
    note  Shares
    format 1000 "Arcancia Équilibre 455"

commodity "Arcancia Équilibre 456"
    note  Shares
    format "Arcancia Équilibre 456" 1000

commodity $
    note  American dollars
    format $ 1000.00

commodity INR
    note  Indian rupees
    format INR 1000.00
    nomarket

commodity KVB
    note  Shares
    format 1000 KVB


