Warng: In "dirtcomm1.ldg" : account "Actif:SG PEE STK" not pre-declared
Warng: In "dirtcomm1.ldg" : account "Actif:SG PEE STK" not pre-declared
Warng: In "dirtcomm1.ldg" : account "Actif:SG PEE STK" not pre-declared
Warng: In "dirtcomm1.ldg" : account "Actif:SG PEE STK" not pre-declared

  "Arcancia Équilibre 455"   Shares           
  "Arcancia Équilibre 456"   Shares           
  $                          American dollars 
  INR                        Indian rupees    
  KVB                        Shares           

