
  By-date      Account                Balance 
                                              
  2011/Mar/15  Assets:Checking      INR400.00 
  2011/Mar/15  Expenses:Groceries   INR100.00 
  2011/Feb/28  Income:Salary       INR-500.00 
                                   ---------- 
  2011/Mar/15                         INR0.00 

