Warng: account "Assets:Checking" not pre-declared
Warng: account "Income:Salary" not pre-declared
Warng: account "Expenses:Groceries" not pre-declared
Warng: account "Assets:Checking" not pre-declared

  By-date      Payee               Account                 Amount    Balance 
                                                                             
  2011-Feb-28  My Employer         Assets:Checking      INR500.00  INR500.00 
                                   Income:Salary       INR-500.00    INR0.00 
  2011-Mar-15  Departmental store  Expenses:Groceries   INR100.00  INR100.00 
                                   Assets:Checking     INR-100.00    INR0.00 

