
  By-date      Account       Balance 
                                     
  2011/Dec/01  Assets      $-5550.00 
  2011/Dec/01    Cash        $-30.00 
  2011/Jan/27    Checking  $-5520.00 
  2011/Dec/01  Expenses     $5550.00 
  2011/Jan/27    Books        $20.00 
  2011/Jan/25    CarLease   $5500.00 
  2011/Dec/01    KFC          $30.00 
                           --------- 
  2011/Dec/01                  $0.00 

