Warng: In "dirtwithoacc.ldg" : account "Assets:Checking" not pre-declared
Warng: In "dirtwithoacc.ldg" : account "Income:Salary" not pre-declared
Warng: In "dirtwithoacc.ldg" : account "Expenses:Groceries" not pre-declared
Warng: In "dirtwithoacc.ldg" : account "Assets:Checking" not pre-declared

  By-date      Payee               Account                  Amount     Balance 
                                                                               
  2011-Feb-28  My Employer         Assets:Checking      INR 500.00  INR 500.00 
                                   Income:Salary       INR -500.00    INR 0.00 
  2011-Mar-15  Departmental store  Expenses:Groceries   INR 100.00  INR 100.00 
                                   Assets:Checking     INR -100.00    INR 0.00 

