
  By-date      Payee               Account                  Amount     Balance 
                                                                               
  2004-May-01  Stock purchase      Assets:Share             50 KVB      50 KVB 
                                   Assets:Checking       $-1500.00   $-1500.00 
                                                                        50 KVB 
  2011-Mar-15  Departmental store  Expenses:Groceries   INR 100.00   $-1500.00 
                                                                    INR 100.00 
                                                                        50 KVB 
                                   Assets:Checking     INR -100.00   $-1500.00 
                                                                        50 KVB 
  2011-Apr-29  My Employer         Assets:Checking        $ 500.00   $-1000.00 
                                                                        50 KVB 
                                   Income:Salary         $ -500.00   $-1500.00 
                                                                        50 KVB 

