
  By-date      Account                 Balance 
                                               
                                     $-1000.00 
                                   INR -100.00 
  2011/Apr/29  Assets                   50 KVB 
                                     $-1000.00 
  2011/Apr/29    Checking          INR -100.00 
  2004/May/01    Share                  50 KVB 
  2011/Mar/15  Expenses:Groceries   INR 100.00 
  2011/Apr/29  Income:Salary         $ -500.00 
                                   ----------- 
                                     $-1500.00 
                                      INR 0.00 
  2011/Apr/29                           50 KVB 

