
  By-date      Account                      Balance 
                                                    
  2011/Dec/01  Assets:Checking              $-50.00 
  2011/Dec/01  Expenses:Deductible:Medical   $50.00 
                                            ------- 
  2011/Dec/01                                 $0.00 

