
  By-date   Account                       Amount   Balance 
                                                           
  2003-Nov  Expenses:Escrow              $300.00   $300.00 
            Expenses:Food:Groceries      $225.00   $525.00 
            Expenses:Interest:Mortgage   $500.00  $1025.00 
  2003-Dec  Expenses:Auto               $5500.00  $6525.00 
            Expenses:Books                $20.00  $6545.00 
            Expenses:Food:Groceries      $109.00  $6654.00 

