
  By-date     Account             Amount   Balance 
                                                   
  Sundays     Assets:Checking   $5500.00  $5500.00 
              Assets:Savings   $-5500.00     $0.00 
  Wednesdays  Assets:Checking   $-300.00  $-300.00 
              Assets:Savings     $300.00     $0.00 

