
  By-date      Account             Amount   Balance 
                                                    
  2004-Jan-14  Assets:Checking   $-300.00  $-300.00 
               Assets:Savings     $300.00     $0.00 
  2004-Jan-25  Assets:Checking   $5500.00  $5500.00 
               Assets:Savings   $-5500.00     $0.00 

