
  By-date    Account                       Amount   Balance 
                                                            
  Sundays    Expenses:Auto               $5500.00  $5500.00 
             Expenses:Escrow              $300.00  $5800.00 
             Expenses:Interest:Mortgage   $500.00  $6300.00 
  Mondays    Expenses:Food:Groceries       $44.00  $6344.00 
  Tuesdays   Expenses:Books                $20.00  $6364.00 
  Fridays    Expenses:Food:Groceries       $65.00  $6429.00 
  Saturdays  Expenses:Food:Groceries      $225.00  $6654.00 

