
  By-date      Account                Balance 
                                              
                                   EUR -10.00 
  2012/Mar/10  Assets:Cash         GBP -10.00 
  2012/Mar/10  Expenses                $22.00 
  2012/Mar/10    Food                  $20.00 
  2012/Mar/10    Tips                   $2.00 
                                      $-22.00 
                                    EUR 10.00 
  2012/Mar/10  Liabilities:Credit   GBP 10.00 
                                   ---------- 
                                        $0.00 
                                     EUR 0.00 
  2012/Mar/10                        GBP 0.00 

