Warng: In "error2.ldg" : commodity "AAP" is not pre-declared
Warng: In "error2.ldg" : commodity "INR" is not pre-declared
Warng: In "error2.ldg" : commodity "$" is not pre-declared
Warng: In "error2.ldg" : account "Assets:Checking" not pre-declared
Warng: In "error2.ldg" : payee "My Employer" not pre-declared
Warng: In "error2.ldg" : commodity "$" is not pre-declared
Warng: In "error2.ldg" : commodity "XYZ" is not pre-declared
Warng: In "error2.ldg" : account "Income:Salary" not pre-declared
Warng: In "error2.ldg" : payee "My Employer" not pre-declared
Error: secondpass lineno 3: mismatch in balancing commodity "$" != "XYZ"
