
  By-date      Account                  Balance 
                                                
                                      $-1000.00 
                                    INR 1300.00 
  2011/May/29  Assets                    50 KVB 
                                      $-1000.00 
  2011/May/29    Checking           INR 1300.00 
  2004/May/01    Share                   50 KVB 
  2011/Mar/15  Expenses:Groceries    INR 200.00 
                                      $ -500.00 
  2011/May/29  Income:Salary       INR -1500.00 
                                   ------------ 
                                      $-1500.00 
                                       INR 0.00 
  2011/May/29                            50 KVB 

