
  By-date      Account                      Balance 
                                                    
  2011/Mar/15  Assets:Checking              -75.00  
  2011/Mar/15  MyCompany:Expenses:Food:KFC   75.00  
                                            ------- 
  2011/Mar/15                                 0.00  

