
  By-date                     Account                Debit       Credit    Balance 
                                                                                   
  2017-Sep-29 to 2017-Oct-02  EverQuest:Inventory    3 Apples             3 Apples 
                                                     15 Gold               15 Gold 
                                                     3 Steaks             3 Steaks 
                              Places:Black's Tavern            3 Apples   0 Apples 
                                                               5 Steaks  -2 Steaks 
                                                                           15 Gold 

