
  By-date      Payee                      Account                   Amount    Balance 
                                                                                      
  2017-Sep-29  Get some stuff at the Inn  Places:Black's Tavern  -3 Apples  -3 Apples 
                                          Places:Black's Tavern  -5 Steaks  -3 Apples 
                                                                            -5 Steaks 
                                          EverQuest:Inventory     3 Apples  -5 Steaks 
                                          EverQuest:Inventory     5 Steaks   0 Steaks 
  2017-Sep-29  Get some stuff at the Inn  Places:Black's Tavern  -3 Apples  -3 Apples 
                                          EverQuest:Inventory     3 Apples   0 Apples 
  2017-Sep-29  Get some stuff at the Inn  Places:Black's Tavern  -3 Steaks  -3 Steaks 
                                          EverQuest:Inventory     3 Steaks   0 Steaks 

