
2017/Sep/29   Opening Balance                  
              Asset:Checking             $-100 
              EverQuest:Inventory1    3 Apples 
              EverQuest:Inventory2    5 Steaks 
              Expense:Food                $100 
              Places:Black's Tavern  -3 Apples 
              Places:Black's Tavern  -5 Steaks 

