
  By-date      Account                  Balance 
                                                
                                       3 Apples 
                                        15 Gold 
  2017/Oct/02  EverQuest:Inventory     3 Steaks 
                                      -3 Apples 
  2017/Sep/29  Places:Black's Tavern  -5 Steaks 
                                      --------- 
                                       0 Apples 
                                        15 Gold 
  2017/Oct/02                         -2 Steaks 

