
  By-date      Payee         Account          Amount  Balance 
                                                              
  2010-Jun-17  Sample        Assets:Bank     $400.00  $400.00 
               Person One    Income:Check1  $-100.00  $300.00 
               Person Two    Income:Check2  $-100.00  $200.00 
               Person Three  Income:Check3  $-100.00  $100.00 
               Person Four   Income:Check4  $-100.00    $0.00 

