
  By-date      Account       Balance 
                                     
  2011/Mar/15  Asset        1250.00  
  2011/Mar/15    Cash        425.00  
  2011/Mar/15    Checking    675.00  
  2011/Mar/15    FD          150.00  
  2011/Mar/15      KVB1       75.00  
  2011/Mar/15      KVB2       75.00  
  2011/Mar/31  Capital     -1250.00  
                           --------- 
  2011/Mar/31                  0.00  

