
  By-date      Account            Balance 
                                          
  2011/Mar/15  Expenses           250.00  
  2011/Mar/15    Dinning          150.00  
  2011/Mar/15    Groceries        100.00  
  2011/Jan/29  Income           -1500.00  
  2011/Jan/29    Contract1       -500.00  
  2011/Jan/29    Contract2       -500.00  
  2011/Jan/29    Salary          -500.00  
  2011/Mar/31  Profit and loss   1250.00  
                                --------- 
  2011/Mar/31                       0.00  

