
2004/Oct/15   Opening Balance                                
              Assets:Checking                        $100.00 
              Liabilities:MasterCard                $-100.00 
              MyCompany:Assets:Checking             $-100.00 
              MyCompany:Expenses:Computer:Software   $100.00 

