
  By-date      Account                      Debit    Credit   Balance 
                                                                      
                                                     $66.00   $-66.00 
  2011/Sep/24  Assets                      €50.00    €35.00    €15.00 
  2011/Sep/24    Cash                      €50.00    €35.00    €15.00 
  2011/Sep/23    Checking                            $66.00   $-66.00 
  2011/Sep/24  Expenses:Business:Travel    €35.00              €35.00 
                                         --------  --------  -------- 
                                                     $66.00   $-66.00 
  2011/Sep/24                              €85.00    €35.00    €50.00 

