
  By-date      Account                    Balance 
                                                  
                                          $-66.00 
  2011/Sep/24  Assets                      €15.00 
  2011/Sep/24    Cash                      €15.00 
  2011/Sep/23    Checking                 $-66.00 
  2011/Sep/24  Expenses:Business:Travel    €35.00 
                                         -------- 
                                          $-66.00 
  2011/Sep/24                              €50.00 

