
  By-date      Payee             Account                      Amount   Balance 
                                                                               
  2011-Sep-23  Cash in Munich    Assets:Cash                  €50.00    €50.00 
                                 Assets:Checking             $-66.00   $-66.00 
  2011-Sep-24  Dinner in Munich  Expenses:Business:Travel     €35.00    €35.00 
                                 Assets:Cash                 €-35.00    €15.00 

