
  By-date      Account             Balance 
                                           
  2011/Sep/15  Assets              115.00  
  2011/Sep/15    Checking         -385.00  
  2011/Jan/29    Checking Income   500.00  
  2011/Feb/15  Expen               100.00  
  2011/Sep/15  Expenses            285.00  
  2011/Oct/15    Dinning           225.00  
  2011/Sep/15    Groceries          50.00  
  2011/Aug/29    Stationary         10.00  
  2011/Jan/29  Income:Salary      -500.00  
                                  -------- 
  2011/Dec/15                        0.00  

