
  By-date      Description         Account               Amount   Balance 
                                                                          
  2011-Mar-01  My Employer         Assets:Checking      500.00    500.00  
                                   Income:Salary       -500.00   -500.00  
  2011-Mar-15  Departmental store  Expenses:Groceries   100.00    100.00  
                                   Assets:Checking     -100.00    400.00  
  2011-Mar-15  KFC                 Expenses:Dinning      75.00     75.00  
                                   Assets:Checking      -75.00    325.00  
  2011-Mar-15  Chats               Expenses:Dinning      75.00    150.00  
                                   Assets:Checking      -75.00    250.00  

