
  By-date     Description         Account             Amount  Balance 
                                                                      
  2011-03-15  Departmental store  Expenses:Groceries  100.00   100.00 
  2011-03-15  KFC                 Expenses:Dinning     75.00    75.00 
  2011-03-15  Chats               Expenses:Dinning     75.00   150.00 

