
  By-date     Account             Balance 
                                          
  2011/03/15  Assets:Checking      250.00 
  2011/03/15  Expenses             250.00 
  2011/03/15    Dinning            150.00 
  2011/03/15    Groceries          100.00 
  2011/03/01  Income:Salary       -500.00 
                               ---------- 
  2011/03/15                         0.00 

